2026-09-24 15:07:19 0 [Note] Starting MariaDB 10.4.32-MariaDB source revision c4143f909528e3fab0677a28631d10389354c491 as process 32688
2026-09-24 15:07:19 0 [Note] InnoDB: Mutexes and rw_locks use Windows interlocked functions
2026-09-24 15:07:19 0 [Note] InnoDB: Uses event mutexes
2026-09-24 15:07:19 0 [Note] InnoDB: Compressed tables use zlib 1.3
2026-09-24 15:07:19 0 [Note] InnoDB: Number of pools: 1
2026-09-24 15:07:19 0 [Note] InnoDB: Using SSE2 crc32 instructions
2026-09-24 15:07:19 0 [Note] InnoDB: Initializing buffer pool, total size = 128M, instances = 1, chunk size = 128M
2026-09-24 15:07:19 0 [Note] InnoDB: Completed initialization of buffer pool
2026-09-24 15:07:19 0 [Note] InnoDB: The log sequence number 167484922 in the system tablespace does not match the log sequence number 167484940 in the ib_logfiles!
2026-09-24 15:07:19 0 [Note] InnoDB: Resizing redo log from 2*5242880 to 2*50331648 bytes; LSN=167484949
2026-09-24 15:07:19 0 [Note] InnoDB: Starting to delete and rewrite log files.
2026-09-24 15:07:19 0 [Note] InnoDB: Setting log file .\ib_logfile101 size to 50331648 bytes
2026-09-24 15:07:19 0 [Note] InnoDB: Setting log file .\ib_logfile1 size to 50331648 bytes
2026-09-24 15:07:19 0 [Note] InnoDB: Renaming log file .\ib_logfile101 to .\ib_logfile0
2026-09-24 15:07:19 0 [Note] InnoDB: New log files created, LSN=167484949
2026-09-24 15:07:19 0 [Note] InnoDB: 128 out of 128 rollback segments are active.
2026-09-24 15:07:19 0 [Note] InnoDB: Removed temporary tablespace data file: "ibtmp1"
2026-09-24 15:07:19 0 [Note] InnoDB: Creating shared tablespace for temporary tables
2026-09-24 15:07:19 0 [Note] InnoDB: Setting file '.\ibtmp1' size to 12 MB. Physically writing the file full; Please wait ...
2026-09-24 15:07:19 0 [Note] InnoDB: File '.\ibtmp1' size is now 12 MB.
2026-09-24 15:07:19 0 [Note] InnoDB: Waiting for purge to start
2026-09-24 15:07:19 0 [Note] InnoDB: 10.4.32 started; log sequence number 167484949; transaction id 176132
2026-09-24 15:07:19 0 [Note] InnoDB: Loading buffer pool(s) from c:\xampp\mysql\data\ib_buffer_pool
2026-09-24 15:07:19 0 [Note] Plugin 'FEEDBACK' is disabled.
2026-09-24 15:07:19 0 [Note] Server socket created on IP: '::'.
2026-09-24 15:07:19 0 [Note] InnoDB: Buffer pool(s) load completed at 260924 15:07:19
2026-09-24 15:07:19 0 [Note] Reading of all Master_info entries succeeded
2026-09-24 15:07:19 0 [Note] Added new Master_info '' to hash table
2026-09-24 15:07:19 0 [Note] C:\xampp\mysql\bin\mysqld.exe: ready for connections.
Version: '10.4.32-MariaDB'  socket: ''  port: 3306  mariadb.org binary distribution
2026-09-24 16:53:54 209 [Warning] Access denied for user ''@'localhost' (using password: NO)
2026-09-24 16:54:10 225 [Warning] Access denied for user ''@'localhost' (using password: NO)
