2026-05-07 21:44:15 0 [Note] Starting MariaDB 10.4.32-MariaDB source revision c4143f909528e3fab0677a28631d10389354c491 as process 17396
2026-05-07 21:44:15 0 [Note] InnoDB: Mutexes and rw_locks use Windows interlocked functions
2026-05-07 21:44:15 0 [Note] InnoDB: Uses event mutexes
2026-05-07 21:44:15 0 [Note] InnoDB: Compressed tables use zlib 1.3
2026-05-07 21:44:15 0 [Note] InnoDB: Number of pools: 1
2026-05-07 21:44:15 0 [Note] InnoDB: Using SSE2 crc32 instructions
2026-05-07 21:44:15 0 [Note] InnoDB: Initializing buffer pool, total size = 16M, instances = 1, chunk size = 16M
2026-05-07 21:44:15 0 [Note] InnoDB: Completed initialization of buffer pool
2026-05-07 21:44:15 0 [Note] InnoDB: Starting crash recovery from checkpoint LSN=300288
2026-05-07 21:44:16 0 [Note] InnoDB: 128 out of 128 rollback segments are active.
2026-05-07 21:44:16 0 [Note] InnoDB: Removed temporary tablespace data file: "ibtmp1"
2026-05-07 21:44:16 0 [Note] InnoDB: Creating shared tablespace for temporary tables
2026-05-07 21:44:16 0 [Note] InnoDB: Setting file 'C:\xampp\mysql\data\ibtmp1' size to 12 MB. Physically writing the file full; Please wait ...
2026-05-07 21:44:16 0 [Note] InnoDB: File 'C:\xampp\mysql\data\ibtmp1' size is now 12 MB.
2026-05-07 21:44:16 0 [Note] InnoDB: Waiting for purge to start
2026-05-07 21:44:16 0 [Note] InnoDB: 10.4.32 started; log sequence number 300297; transaction id 170
2026-05-07 21:44:16 0 [Note] InnoDB: Loading buffer pool(s) from C:\xampp\mysql\data\ib_buffer_pool
2026-05-07 21:44:16 0 [Note] Plugin 'FEEDBACK' is disabled.
2026-05-07 21:44:16 0 [Note] InnoDB: Buffer pool(s) load completed at 260507 21:44:16
2026-05-07 21:44:16 0 [Note] Server socket created on IP: '::'.
2026-05-10 10:20:50 0 [Note] Starting MariaDB 10.4.32-MariaDB source revision c4143f909528e3fab0677a28631d10389354c491 as process 22736
2026-05-10 10:20:50 0 [Note] InnoDB: Mutexes and rw_locks use Windows interlocked functions
2026-05-10 10:20:50 0 [Note] InnoDB: Uses event mutexes
2026-05-10 10:20:50 0 [Note] InnoDB: Compressed tables use zlib 1.3
2026-05-10 10:20:50 0 [Note] InnoDB: Number of pools: 1
2026-05-10 10:20:50 0 [Note] InnoDB: Using SSE2 crc32 instructions
2026-05-10 10:20:50 0 [Note] InnoDB: Initializing buffer pool, total size = 16M, instances = 1, chunk size = 16M
2026-05-10 10:20:50 0 [Note] InnoDB: Completed initialization of buffer pool
2026-05-10 10:20:50 0 [Note] InnoDB: Starting crash recovery from checkpoint LSN=1440494
2026-05-10 10:20:50 0 [Note] InnoDB: 128 out of 128 rollback segments are active.
2026-05-10 10:20:50 0 [Note] InnoDB: Removed temporary tablespace data file: "ibtmp1"
2026-05-10 10:20:50 0 [Note] InnoDB: Creating shared tablespace for temporary tables
2026-05-10 10:20:50 0 [Note] InnoDB: Setting file 'C:\xampp\mysql\data\ibtmp1' size to 12 MB. Physically writing the file full; Please wait ...
2026-05-10 10:20:50 0 [Note] InnoDB: File 'C:\xampp\mysql\data\ibtmp1' size is now 12 MB.
2026-05-10 10:20:50 0 [Note] InnoDB: Waiting for purge to start
2026-05-10 10:20:50 0 [Note] InnoDB: 10.4.32 started; log sequence number 1440503; transaction id 1535
2026-05-10 10:20:50 0 [Note] InnoDB: Loading buffer pool(s) from C:\xampp\mysql\data\ib_buffer_pool
2026-05-10 10:20:50 0 [Note] Plugin 'FEEDBACK' is disabled.
2026-05-10 10:20:50 0 [Note] InnoDB: Buffer pool(s) load completed at 260510 10:20:50
2026-05-10 10:20:50 0 [Note] Server socket created on IP: '::'.
2026-05-21 14:13:22 0 [Note] Starting MariaDB 10.4.32-MariaDB source revision c4143f909528e3fab0677a28631d10389354c491 as process 9740
2026-05-21 14:13:22 0 [Note] InnoDB: Mutexes and rw_locks use Windows interlocked functions
2026-05-21 14:13:22 0 [Note] InnoDB: Uses event mutexes
2026-05-21 14:13:22 0 [Note] InnoDB: Compressed tables use zlib 1.3
2026-05-21 14:13:22 0 [Note] InnoDB: Number of pools: 1
2026-05-21 14:13:22 0 [Note] InnoDB: Using SSE2 crc32 instructions
2026-05-21 14:13:22 0 [Note] InnoDB: Initializing buffer pool, total size = 16M, instances = 1, chunk size = 16M
2026-05-21 14:13:22 0 [Note] InnoDB: Completed initialization of buffer pool
2026-05-21 14:13:22 0 [Note] InnoDB: Starting crash recovery from checkpoint LSN=1479007
2026-05-21 14:13:23 0 [Note] InnoDB: 128 out of 128 rollback segments are active.
2026-05-21 14:13:23 0 [Note] InnoDB: Removed temporary tablespace data file: "ibtmp1"
2026-05-21 14:13:23 0 [Note] InnoDB: Creating shared tablespace for temporary tables
2026-05-21 14:13:23 0 [Note] InnoDB: Setting file 'C:\xampp\mysql\data\ibtmp1' size to 12 MB. Physically writing the file full; Please wait ...
2026-05-21 14:13:23 0 [Note] InnoDB: File 'C:\xampp\mysql\data\ibtmp1' size is now 12 MB.
2026-05-21 14:13:23 0 [Note] InnoDB: Waiting for purge to start
2026-05-21 14:13:23 0 [Note] InnoDB: 10.4.32 started; log sequence number 1479016; transaction id 1627
2026-05-21 14:13:23 0 [Note] Plugin 'FEEDBACK' is disabled.
2026-05-21 14:13:23 0 [Note] InnoDB: Loading buffer pool(s) from C:\xampp\mysql\data\ib_buffer_pool
2026-05-21 14:13:23 0 [Note] InnoDB: Buffer pool(s) load completed at 260521 14:13:23
2026-05-21 14:13:23 0 [Note] Server socket created on IP: '::'.
2026-05-24 11:22:31 0 [Note] Starting MariaDB 10.4.32-MariaDB source revision c4143f909528e3fab0677a28631d10389354c491 as process 4748
2026-05-24 11:22:31 0 [Note] InnoDB: Mutexes and rw_locks use Windows interlocked functions
2026-05-24 11:22:31 0 [Note] InnoDB: Uses event mutexes
2026-05-24 11:22:31 0 [Note] InnoDB: Compressed tables use zlib 1.3
2026-05-24 11:22:31 0 [Note] InnoDB: Number of pools: 1
2026-05-24 11:22:31 0 [Note] InnoDB: Using SSE2 crc32 instructions
2026-05-24 11:22:31 0 [Note] InnoDB: Initializing buffer pool, total size = 16M, instances = 1, chunk size = 16M
2026-05-24 11:22:31 0 [Note] InnoDB: Completed initialization of buffer pool
2026-05-24 11:22:31 0 [Note] InnoDB: Starting crash recovery from checkpoint LSN=1481158
2026-05-24 11:22:32 0 [Note] InnoDB: 128 out of 128 rollback segments are active.
2026-05-24 11:22:32 0 [Note] InnoDB: Removed temporary tablespace data file: "ibtmp1"
2026-05-24 11:22:32 0 [Note] InnoDB: Creating shared tablespace for temporary tables
2026-05-24 11:22:32 0 [Note] InnoDB: Setting file 'C:\xampp\mysql\data\ibtmp1' size to 12 MB. Physically writing the file full; Please wait ...
2026-05-24 11:22:32 0 [Note] InnoDB: File 'C:\xampp\mysql\data\ibtmp1' size is now 12 MB.
2026-05-24 11:22:32 0 [Note] InnoDB: Waiting for purge to start
2026-05-24 11:22:32 0 [Note] InnoDB: 10.4.32 started; log sequence number 1481167; transaction id 1644
2026-05-24 11:22:32 0 [Note] Plugin 'FEEDBACK' is disabled.
2026-05-24 11:22:32 0 [Note] InnoDB: Loading buffer pool(s) from C:\xampp\mysql\data\ib_buffer_pool
2026-05-24 11:22:32 0 [Note] InnoDB: Buffer pool(s) load completed at 260524 11:22:32
2026-05-24 11:22:32 0 [Note] Server socket created on IP: '::'.
2026-06-18 16:07:08 0 [Note] Starting MariaDB 10.4.32-MariaDB source revision c4143f909528e3fab0677a28631d10389354c491 as process 4860
2026-06-18 16:07:09 0 [Note] InnoDB: Mutexes and rw_locks use Windows interlocked functions
2026-06-18 16:07:09 0 [Note] InnoDB: Uses event mutexes
2026-06-18 16:07:09 0 [Note] InnoDB: Compressed tables use zlib 1.3
2026-06-18 16:07:09 0 [Note] InnoDB: Number of pools: 1
2026-06-18 16:07:09 0 [Note] InnoDB: Using SSE2 crc32 instructions
2026-06-18 16:07:09 0 [Note] InnoDB: Initializing buffer pool, total size = 16M, instances = 1, chunk size = 16M
2026-06-18 16:07:09 0 [Note] InnoDB: Completed initialization of buffer pool
2026-06-18 16:07:09 0 [Note] InnoDB: Starting crash recovery from checkpoint LSN=1481493
2026-06-18 16:07:10 0 [Note] InnoDB: 128 out of 128 rollback segments are active.
2026-06-18 16:07:10 0 [Note] InnoDB: Removed temporary tablespace data file: "ibtmp1"
2026-06-18 16:07:10 0 [Note] InnoDB: Creating shared tablespace for temporary tables
2026-06-18 16:07:10 0 [Note] InnoDB: Setting file 'C:\xampp\mysql\data\ibtmp1' size to 12 MB. Physically writing the file full; Please wait ...
2026-06-18 16:07:10 0 [Note] InnoDB: File 'C:\xampp\mysql\data\ibtmp1' size is now 12 MB.
2026-06-18 16:07:10 0 [Note] InnoDB: Waiting for purge to start
2026-06-18 16:07:10 0 [Note] InnoDB: 10.4.32 started; log sequence number 1481502; transaction id 1667
2026-06-18 16:07:10 0 [Note] Plugin 'FEEDBACK' is disabled.
2026-06-18 16:07:10 0 [Note] InnoDB: Loading buffer pool(s) from C:\xampp\mysql\data\ib_buffer_pool
2026-06-18 16:07:10 0 [Note] InnoDB: Buffer pool(s) load completed at 260618 16:07:10
2026-06-18 16:07:10 0 [Note] Server socket created on IP: '::'.
2026-06-18 16:12:41 0 [Note] Starting MariaDB 10.4.32-MariaDB source revision c4143f909528e3fab0677a28631d10389354c491 as process 11184
2026-06-18 16:12:41 0 [Note] InnoDB: Mutexes and rw_locks use Windows interlocked functions
2026-06-18 16:12:41 0 [Note] InnoDB: Uses event mutexes
2026-06-18 16:12:41 0 [Note] InnoDB: Compressed tables use zlib 1.3
2026-06-18 16:12:41 0 [Note] InnoDB: Number of pools: 1
2026-06-18 16:12:41 0 [Note] InnoDB: Using SSE2 crc32 instructions
2026-06-18 16:12:41 0 [Note] InnoDB: Initializing buffer pool, total size = 16M, instances = 1, chunk size = 16M
2026-06-18 16:12:41 0 [Note] InnoDB: Completed initialization of buffer pool
2026-06-18 16:12:41 0 [Note] InnoDB: Starting crash recovery from checkpoint LSN=1481511
2026-06-18 16:12:42 0 [Note] InnoDB: 1 transaction(s) which must be rolled back or cleaned up in total 7 row operations to undo
2026-06-18 16:12:42 0 [Note] InnoDB: Trx id counter is 1729
2026-06-18 16:12:42 0 [Note] InnoDB: Starting final batch to recover 19 pages from redo log.
2026-06-18 16:12:42 0 [Note] InnoDB: Rolled back recovered transaction 1728
2026-06-18 16:12:42 0 [Note] InnoDB: 128 out of 128 rollback segments are active.
2026-06-18 16:12:42 0 [Note] InnoDB: Removed temporary tablespace data file: "ibtmp1"
2026-06-18 16:12:42 0 [Note] InnoDB: Creating shared tablespace for temporary tables
2026-06-18 16:12:42 0 [Note] InnoDB: Setting file 'C:\xampp\mysql\data\ibtmp1' size to 12 MB. Physically writing the file full; Please wait ...
2026-06-18 16:12:42 0 [Note] InnoDB: File 'C:\xampp\mysql\data\ibtmp1' size is now 12 MB.
2026-06-18 16:12:42 0 [Note] InnoDB: Waiting for purge to start
2026-06-18 16:12:42 0 [Note] InnoDB: 10.4.32 started; log sequence number 1497466; transaction id 1731
2026-06-18 16:12:42 0 [Note] Plugin 'FEEDBACK' is disabled.
2026-06-18 16:12:42 0 [Note] InnoDB: Loading buffer pool(s) from C:\xampp\mysql\data\ib_buffer_pool
2026-06-18 16:12:42 0 [Note] InnoDB: Buffer pool(s) load completed at 260618 16:12:42
2026-06-18 16:12:42 0 [Note] Server socket created on IP: '::'.
2026-06-18 16:13:34 0 [Note] Starting MariaDB 10.4.32-MariaDB source revision c4143f909528e3fab0677a28631d10389354c491 as process 21132
2026-06-18 16:13:34 0 [Note] InnoDB: Mutexes and rw_locks use Windows interlocked functions
2026-06-18 16:13:34 0 [Note] InnoDB: Uses event mutexes
2026-06-18 16:13:34 0 [Note] InnoDB: Compressed tables use zlib 1.3
2026-06-18 16:13:34 0 [Note] InnoDB: Number of pools: 1
2026-06-18 16:13:34 0 [Note] InnoDB: Using SSE2 crc32 instructions
2026-06-18 16:13:34 0 [Note] InnoDB: Initializing buffer pool, total size = 16M, instances = 1, chunk size = 16M
2026-06-18 16:13:34 0 [Note] InnoDB: Completed initialization of buffer pool
2026-06-18 16:13:34 0 [Note] InnoDB: Starting crash recovery from checkpoint LSN=1481511
2026-06-18 16:13:34 0 [Note] InnoDB: Starting final batch to recover 24 pages from redo log.
2026-06-18 16:13:35 0 [Note] InnoDB: 128 out of 128 rollback segments are active.
2026-06-18 16:13:35 0 [Note] InnoDB: Removed temporary tablespace data file: "ibtmp1"
2026-06-18 16:13:35 0 [Note] InnoDB: Creating shared tablespace for temporary tables
2026-06-18 16:13:35 0 [Note] InnoDB: Setting file 'C:\xampp\mysql\data\ibtmp1' size to 12 MB. Physically writing the file full; Please wait ...
2026-06-18 16:13:35 0 [Note] InnoDB: File 'C:\xampp\mysql\data\ibtmp1' size is now 12 MB.
2026-06-18 16:13:35 0 [Note] InnoDB: Waiting for purge to start
2026-06-18 16:13:35 0 [Note] InnoDB: 10.4.32 started; log sequence number 1497814; transaction id 1731
2026-06-18 16:13:35 0 [Note] InnoDB: Loading buffer pool(s) from C:\xampp\mysql\data\ib_buffer_pool
2026-06-18 16:13:35 0 [Note] Plugin 'FEEDBACK' is disabled.
2026-06-18 16:13:35 0 [Note] InnoDB: Buffer pool(s) load completed at 260618 16:13:35
2026-06-18 16:13:35 0 [Note] Server socket created on IP: '::'.
2026-06-18 16:13:35 0 [Note] Reading of all Master_info entries succeeded
2026-06-18 16:13:35 0 [Note] Added new Master_info '' to hash table
2026-06-18 16:13:35 0 [Note] mysql\bin\mysqld: ready for connections.
Version: '10.4.32-MariaDB'  socket: ''  port: 3306  mariadb.org binary distribution
2026-06-18 16:13:43 8 [Warning] Aborted connection 8 to db: 'unconnected' user: 'unauthenticated' host: 'localhost' (Got an error reading communication packets)
2026-06-18 16:13:43 8 [Warning] Aborted connection 8 to db: 'unconnected' user: 'unauthenticated' host: 'localhost' (This connection closed normally without authentication)
2026-06-18 16:13:52 9 [ERROR] InnoDB: Table `e_archive`.`colleges` does not exist in the InnoDB internal data dictionary though MariaDB is trying to drop it. Have you copied the .frm file of the table to the MariaDB database directory from another database? Please refer to https://mariadb.com/kb/en/innodb-troubleshooting/ for how to resolve the issue.
2026-06-18 16:14:28 0 [Note] mysql\bin\mysqld (initiated by: root[root] @ localhost [127.0.0.1]): Normal shutdown
2026-06-18 16:14:28 0 [Note] Event Scheduler: Purging the queue. 0 events
2026-06-18 16:14:28 0 [Note] InnoDB: FTS optimize thread exiting.
2026-06-18 16:14:28 0 [Note] InnoDB: Starting shutdown...
2026-06-18 16:14:28 0 [Note] InnoDB: Dumping buffer pool(s) to C:\xampp\mysql\data\ib_buffer_pool
2026-06-18 16:14:28 0 [Note] InnoDB: Instance 0, restricted to 250 pages due to innodb_buf_pool_dump_pct=25
2026-06-18 16:14:28 0 [Note] InnoDB: Buffer pool(s) dump completed at 260618 16:14:28
2026-06-18 16:14:29 0 [Note] InnoDB: Removed temporary tablespace data file: "ibtmp1"
2026-06-18 16:14:29 0 [Note] InnoDB: Shutdown completed; log sequence number 1506984; transaction id 1755
2026-06-18 16:14:29 0 [Note] mysql\bin\mysqld: Shutdown complete

2026-06-18 16:14:32 0 [Note] Starting MariaDB 10.4.32-MariaDB source revision c4143f909528e3fab0677a28631d10389354c491 as process 28276
2026-06-18 16:14:32 0 [Note] InnoDB: Mutexes and rw_locks use Windows interlocked functions
2026-06-18 16:14:32 0 [Note] InnoDB: Uses event mutexes
2026-06-18 16:14:32 0 [Note] InnoDB: Compressed tables use zlib 1.3
2026-06-18 16:14:32 0 [Note] InnoDB: Number of pools: 1
2026-06-18 16:14:32 0 [Note] InnoDB: Using SSE2 crc32 instructions
2026-06-18 16:14:32 0 [Note] InnoDB: Initializing buffer pool, total size = 16M, instances = 1, chunk size = 16M
2026-06-18 16:14:32 0 [Note] InnoDB: Completed initialization of buffer pool
2026-06-18 16:14:32 0 [Note] InnoDB: 128 out of 128 rollback segments are active.
2026-06-18 16:14:32 0 [Note] InnoDB: Creating shared tablespace for temporary tables
2026-06-18 16:14:32 0 [Note] InnoDB: Setting file 'C:\xampp\mysql\data\ibtmp1' size to 12 MB. Physically writing the file full; Please wait ...
2026-06-18 16:14:32 0 [Note] InnoDB: File 'C:\xampp\mysql\data\ibtmp1' size is now 12 MB.
2026-06-18 16:14:32 0 [Note] InnoDB: Waiting for purge to start
2026-06-18 16:14:32 0 [Note] InnoDB: 10.4.32 started; log sequence number 1506984; transaction id 1752
2026-06-18 16:14:32 0 [Note] InnoDB: Loading buffer pool(s) from C:\xampp\mysql\data\ib_buffer_pool
2026-06-18 16:14:32 0 [Note] Plugin 'FEEDBACK' is disabled.
2026-06-18 16:14:32 0 [Note] InnoDB: Buffer pool(s) load completed at 260618 16:14:32
2026-06-18 16:14:32 0 [Note] Server socket created on IP: '::'.
2026-06-18 16:14:32 0 [Note] Reading of all Master_info entries succeeded
2026-06-18 16:14:32 0 [Note] Added new Master_info '' to hash table
2026-06-18 16:14:32 0 [Note] mysql\bin\mysqld: ready for connections.
Version: '10.4.32-MariaDB'  socket: ''  port: 3306  mariadb.org binary distribution
2026-06-18 16:14:42 8 [Warning] Aborted connection 8 to db: 'unconnected' user: 'unauthenticated' host: 'localhost' (Got an error reading communication packets)
2026-06-18 16:14:42 8 [Warning] Aborted connection 8 to db: 'unconnected' user: 'unauthenticated' host: 'localhost' (This connection closed normally without authentication)
2026-06-18 16:15:15 10 [Warning] Aborted connection 10 to db: 'e_archive' user: 'root' host: 'localhost' (Got an error reading communication packets)
2026-06-18 16:17:20 12 [Warning] Aborted connection 12 to db: 'e_archive' user: 'root' host: 'localhost' (Got an error reading communication packets)
2026-06-18 16:17:59 14 [Warning] Aborted connection 14 to db: 'unconnected' user: 'unauthenticated' host: 'localhost' (Got an error reading communication packets)
2026-06-18 16:17:59 14 [Warning] Aborted connection 14 to db: 'unconnected' user: 'unauthenticated' host: 'localhost' (This connection closed normally without authentication)
2026-06-18 19:08:19 17 [Warning] Aborted connection 17 to db: 'unconnected' user: 'unauthenticated' host: 'localhost' (Got an error reading communication packets)
2026-06-18 19:08:19 17 [Warning] Aborted connection 17 to db: 'unconnected' user: 'unauthenticated' host: 'localhost' (This connection closed normally without authentication)
2026-06-18 19:08:42 19 [Warning] Aborted connection 19 to db: 'e_archive' user: 'root' host: 'localhost' (Got an error reading communication packets)
2026-06-18 19:10:48 22 [Warning] Aborted connection 22 to db: 'unconnected' user: 'unauthenticated' host: 'localhost' (Got an error reading communication packets)
2026-06-18 19:10:48 22 [Warning] Aborted connection 22 to db: 'unconnected' user: 'unauthenticated' host: 'localhost' (This connection closed normally without authentication)
2026-06-18 19:11:02 24 [Warning] Aborted connection 24 to db: 'e_archive' user: 'root' host: 'localhost' (Got an error reading communication packets)
2026-06-18 19:13:13 16 [Warning] Aborted connection 16 to db: 'e_archive' user: 'root' host: 'localhost' (Got an error reading communication packets)
2026-06-18 19:15:34 26 [Warning] Aborted connection 26 to db: 'e_archive' user: 'root' host: 'localhost' (Got an error reading communication packets)
2026-06-18 19:19:09 91 [Warning] Aborted connection 91 to db: 'unconnected' user: 'unauthenticated' host: 'localhost' (Got an error reading communication packets)
2026-06-18 19:19:09 91 [Warning] Aborted connection 91 to db: 'unconnected' user: 'unauthenticated' host: 'localhost' (This connection closed normally without authentication)
2026-06-18 19:19:26 93 [Warning] Aborted connection 93 to db: 'e_archive' user: 'root' host: 'localhost' (Got an error reading communication packets)
2026-06-18 19:22:35 86 [Warning] Aborted connection 86 to db: 'e_archive' user: 'root' host: 'localhost' (Got an error reading communication packets)
2026-06-18 19:30:51 95 [Warning] Aborted connection 95 to db: 'e_archive' user: 'root' host: 'localhost' (Got an error reading communication packets)
2026-06-18 19:49:03 121 [Warning] Aborted connection 121 to db: 'e_archive' user: 'root' host: 'localhost' (Got an error reading communication packets)
2026-06-18 20:01:52 127 [Warning] Aborted connection 127 to db: 'e_archive' user: 'root' host: 'localhost' (Got an error reading communication packets)
2026-06-18 20:09:59 129 [Warning] Aborted connection 129 to db: 'e_archive' user: 'root' host: 'localhost' (Got an error reading communication packets)
2026-06-18 22:07:14 135 [Warning] Aborted connection 135 to db: 'e_archive' user: 'root' host: 'localhost' (Got an error reading communication packets)
2026-06-18 22:12:32 173 [Warning] Aborted connection 173 to db: 'e_archive' user: 'root' host: 'localhost' (Got an error reading communication packets)
2026-06-18 22:21:38 179 [Warning] Aborted connection 179 to db: 'e_archive' user: 'root' host: 'localhost' (Got an error reading communication packets)
2026-06-18 22:36:23 183 [Warning] Aborted connection 183 to db: 'e_archive' user: 'root' host: 'localhost' (Got an error reading communication packets)
2026-06-18 22:39:34 181 [Warning] Aborted connection 181 to db: 'e_archive' user: 'root' host: 'localhost' (Got an error reading communication packets)
2026-06-19  9:03:46 187 [Warning] Aborted connection 187 to db: 'e_archive' user: 'root' host: 'localhost' (Got timeout reading communication packets)
2026-06-19  9:14:19 196 [Warning] Aborted connection 196 to db: 'unconnected' user: 'unauthenticated' host: 'localhost' (Got an error reading communication packets)
2026-06-19  9:14:19 196 [Warning] Aborted connection 196 to db: 'unconnected' user: 'unauthenticated' host: 'localhost' (This connection closed normally without authentication)
2026-06-19  9:39:44 198 [Warning] Aborted connection 198 to db: 'e_archive' user: 'root' host: 'localhost' (Got an error reading communication packets)
2026-06-19 10:23:09 200 [Warning] Aborted connection 200 to db: 'e_archive' user: 'root' host: 'localhost' (Got an error reading communication packets)
2026-06-19 19:06:39 0 [Note] Starting MariaDB 10.4.32-MariaDB source revision c4143f909528e3fab0677a28631d10389354c491 as process 23816
2026-06-19 19:06:39 0 [Note] InnoDB: Mutexes and rw_locks use Windows interlocked functions
2026-06-19 19:06:39 0 [Note] InnoDB: Uses event mutexes
2026-06-19 19:06:39 0 [Note] InnoDB: Compressed tables use zlib 1.3
2026-06-19 19:06:39 0 [Note] InnoDB: Number of pools: 1
2026-06-19 19:06:39 0 [Note] InnoDB: Using SSE2 crc32 instructions
2026-06-19 19:06:39 0 [Note] InnoDB: Initializing buffer pool, total size = 16M, instances = 1, chunk size = 16M
2026-06-19 19:06:39 0 [Note] InnoDB: Completed initialization of buffer pool
2026-06-19 19:06:39 0 [Note] InnoDB: Starting crash recovery from checkpoint LSN=1837936
2026-06-19 19:06:39 0 [Note] InnoDB: 128 out of 128 rollback segments are active.
2026-06-19 19:06:39 0 [Note] InnoDB: Removed temporary tablespace data file: "ibtmp1"
2026-06-19 19:06:39 0 [Note] InnoDB: Creating shared tablespace for temporary tables
2026-06-19 19:06:39 0 [Note] InnoDB: Setting file 'C:\xampp\mysql\data\ibtmp1' size to 12 MB. Physically writing the file full; Please wait ...
2026-06-19 19:06:39 0 [Note] InnoDB: File 'C:\xampp\mysql\data\ibtmp1' size is now 12 MB.
2026-06-19 19:06:39 0 [Note] InnoDB: Waiting for purge to start
2026-06-19 19:06:39 0 [Note] InnoDB: 10.4.32 started; log sequence number 1837945; transaction id 3035
2026-06-19 19:06:39 0 [Note] InnoDB: Loading buffer pool(s) from C:\xampp\mysql\data\ib_buffer_pool
2026-06-19 19:06:39 0 [Note] Plugin 'FEEDBACK' is disabled.
2026-06-19 19:06:39 0 [Note] InnoDB: Buffer pool(s) load completed at 260619 19:06:39
2026-06-19 19:06:39 0 [Note] Server socket created on IP: '::'.
2026-06-19 19:07:35 0 [Note] Starting MariaDB 10.4.32-MariaDB source revision c4143f909528e3fab0677a28631d10389354c491 as process 15388
2026-06-19 19:07:35 0 [Note] InnoDB: Mutexes and rw_locks use Windows interlocked functions
2026-06-19 19:07:35 0 [Note] InnoDB: Uses event mutexes
2026-06-19 19:07:35 0 [Note] InnoDB: Compressed tables use zlib 1.3
2026-06-19 19:07:35 0 [Note] InnoDB: Number of pools: 1
2026-06-19 19:07:35 0 [Note] InnoDB: Using SSE2 crc32 instructions
2026-06-19 19:07:35 0 [Note] InnoDB: Initializing buffer pool, total size = 16M, instances = 1, chunk size = 16M
2026-06-19 19:07:35 0 [Note] InnoDB: Completed initialization of buffer pool
2026-06-19 19:07:35 0 [Note] InnoDB: Starting crash recovery from checkpoint LSN=1837954
2026-06-19 19:07:35 0 [Note] InnoDB: 128 out of 128 rollback segments are active.
2026-06-19 19:07:35 0 [Note] InnoDB: Removed temporary tablespace data file: "ibtmp1"
2026-06-19 19:07:35 0 [Note] InnoDB: Creating shared tablespace for temporary tables
2026-06-19 19:07:35 0 [Note] InnoDB: Setting file 'C:\xampp\mysql\data\ibtmp1' size to 12 MB. Physically writing the file full; Please wait ...
2026-06-19 19:07:35 0 [Note] InnoDB: File 'C:\xampp\mysql\data\ibtmp1' size is now 12 MB.
2026-06-19 19:07:35 0 [Note] InnoDB: Waiting for purge to start
2026-06-19 19:07:35 0 [Note] InnoDB: 10.4.32 started; log sequence number 1837963; transaction id 3035
2026-06-19 19:07:35 0 [Note] InnoDB: Loading buffer pool(s) from C:\xampp\mysql\data\ib_buffer_pool
2026-06-19 19:07:35 0 [Note] Plugin 'FEEDBACK' is disabled.
2026-06-19 19:07:35 0 [Note] Server socket created on IP: '::'.
2026-06-19 19:22:32 0 [Note] Starting MariaDB 10.4.32-MariaDB source revision c4143f909528e3fab0677a28631d10389354c491 as process 22040
2026-06-19 19:22:32 0 [Note] InnoDB: Mutexes and rw_locks use Windows interlocked functions
2026-06-19 19:22:32 0 [Note] InnoDB: Uses event mutexes
2026-06-19 19:22:32 0 [Note] InnoDB: Compressed tables use zlib 1.3
2026-06-19 19:22:32 0 [Note] InnoDB: Number of pools: 1
2026-06-19 19:22:32 0 [Note] InnoDB: Using SSE2 crc32 instructions
2026-06-19 19:22:32 0 [Note] InnoDB: Initializing buffer pool, total size = 16M, instances = 1, chunk size = 16M
2026-06-19 19:22:32 0 [Note] InnoDB: Completed initialization of buffer pool
2026-06-19 19:22:32 0 [Note] InnoDB: Starting crash recovery from checkpoint LSN=1837972
2026-06-19 19:22:33 0 [Note] InnoDB: 128 out of 128 rollback segments are active.
2026-06-19 19:22:33 0 [Note] InnoDB: Removed temporary tablespace data file: "ibtmp1"
2026-06-19 19:22:33 0 [Note] InnoDB: Creating shared tablespace for temporary tables
2026-06-19 19:22:33 0 [Note] InnoDB: Setting file 'C:\xampp\mysql\data\ibtmp1' size to 12 MB. Physically writing the file full; Please wait ...
2026-06-19 19:22:33 0 [Note] InnoDB: File 'C:\xampp\mysql\data\ibtmp1' size is now 12 MB.
2026-06-19 19:22:33 0 [Note] InnoDB: Waiting for purge to start
2026-06-19 19:22:33 0 [Note] InnoDB: 10.4.32 started; log sequence number 1837981; transaction id 3035
2026-06-19 19:22:33 0 [Note] InnoDB: Loading buffer pool(s) from C:\xampp\mysql\data\ib_buffer_pool
2026-06-19 19:22:33 0 [Note] Plugin 'FEEDBACK' is disabled.
2026-06-19 19:22:33 0 [Note] InnoDB: Buffer pool(s) load completed at 260619 19:22:33
2026-06-19 19:22:33 0 [Note] Server socket created on IP: '::'.
2026-06-19 19:34:01 0 [Note] Starting MariaDB 10.4.32-MariaDB source revision c4143f909528e3fab0677a28631d10389354c491 as process 13212
2026-06-19 19:34:01 0 [Note] InnoDB: Mutexes and rw_locks use Windows interlocked functions
2026-06-19 19:34:01 0 [Note] InnoDB: Uses event mutexes
2026-06-19 19:34:01 0 [Note] InnoDB: Compressed tables use zlib 1.3
2026-06-19 19:34:01 0 [Note] InnoDB: Number of pools: 1
2026-06-19 19:34:01 0 [Note] InnoDB: Using SSE2 crc32 instructions
2026-06-19 19:34:01 0 [Note] InnoDB: Initializing buffer pool, total size = 16M, instances = 1, chunk size = 16M
2026-06-19 19:34:01 0 [Note] InnoDB: Completed initialization of buffer pool
2026-06-19 19:34:01 0 [Note] InnoDB: Starting crash recovery from checkpoint LSN=1838307
2026-06-19 19:34:01 0 [Note] InnoDB: 128 out of 128 rollback segments are active.
2026-06-19 19:34:01 0 [Note] InnoDB: Removed temporary tablespace data file: "ibtmp1"
2026-06-19 19:34:01 0 [Note] InnoDB: Creating shared tablespace for temporary tables
2026-06-19 19:34:01 0 [Note] InnoDB: Setting file 'C:\xampp\mysql\data\ibtmp1' size to 12 MB. Physically writing the file full; Please wait ...
2026-06-19 19:34:01 0 [Note] InnoDB: File 'C:\xampp\mysql\data\ibtmp1' size is now 12 MB.
2026-06-19 19:34:01 0 [Note] InnoDB: Waiting for purge to start
2026-06-19 19:34:01 0 [Note] InnoDB: 10.4.32 started; log sequence number 1838316; transaction id 3076
2026-06-19 19:34:01 0 [Note] InnoDB: Loading buffer pool(s) from C:\xampp\mysql\data\ib_buffer_pool
2026-06-19 19:34:01 0 [Note] Plugin 'FEEDBACK' is disabled.
2026-06-19 19:34:01 0 [Note] InnoDB: Buffer pool(s) load completed at 260619 19:34:01
2026-06-19 19:34:01 0 [Note] Server socket created on IP: '::'.
2026-06-19 19:38:13 0 [Note] Starting MariaDB 10.4.32-MariaDB source revision c4143f909528e3fab0677a28631d10389354c491 as process 18296
2026-06-19 19:38:13 0 [Note] InnoDB: Mutexes and rw_locks use Windows interlocked functions
2026-06-19 19:38:13 0 [Note] InnoDB: Uses event mutexes
2026-06-19 19:38:13 0 [Note] InnoDB: Compressed tables use zlib 1.3
2026-06-19 19:38:13 0 [Note] InnoDB: Number of pools: 1
2026-06-19 19:38:13 0 [Note] InnoDB: Using SSE2 crc32 instructions
2026-06-19 19:38:13 0 [Note] InnoDB: Initializing buffer pool, total size = 16M, instances = 1, chunk size = 16M
2026-06-19 19:38:13 0 [Note] InnoDB: Completed initialization of buffer pool
2026-06-19 19:38:13 0 [Note] InnoDB: Starting crash recovery from checkpoint LSN=1838325
2026-06-19 19:38:14 0 [Note] InnoDB: 128 out of 128 rollback segments are active.
2026-06-19 19:38:14 0 [Note] InnoDB: Removed temporary tablespace data file: "ibtmp1"
2026-06-19 19:38:14 0 [Note] InnoDB: Creating shared tablespace for temporary tables
2026-06-19 19:38:14 0 [Note] InnoDB: Setting file 'C:\xampp\mysql\data\ibtmp1' size to 12 MB. Physically writing the file full; Please wait ...
2026-06-19 19:38:14 0 [Note] InnoDB: File 'C:\xampp\mysql\data\ibtmp1' size is now 12 MB.
2026-06-19 19:38:14 0 [Note] InnoDB: Waiting for purge to start
2026-06-19 19:38:14 0 [Note] InnoDB: 10.4.32 started; log sequence number 1838334; transaction id 3076
2026-06-19 19:38:14 0 [Note] InnoDB: Loading buffer pool(s) from C:\xampp\mysql\data\ib_buffer_pool
2026-06-19 19:38:14 0 [Note] Plugin 'FEEDBACK' is disabled.
2026-06-19 19:38:14 0 [Note] InnoDB: Buffer pool(s) load completed at 260619 19:38:14
2026-06-19 19:38:14 0 [Note] Server socket created on IP: '::'.
2026-06-19 19:52:10 0 [Note] Starting MariaDB 10.4.32-MariaDB source revision c4143f909528e3fab0677a28631d10389354c491 as process 14960
2026-06-19 19:52:10 0 [Note] InnoDB: Mutexes and rw_locks use Windows interlocked functions
2026-06-19 19:52:10 0 [Note] InnoDB: Uses event mutexes
2026-06-19 19:52:10 0 [Note] InnoDB: Compressed tables use zlib 1.3
2026-06-19 19:52:10 0 [Note] InnoDB: Number of pools: 1
2026-06-19 19:52:10 0 [Note] InnoDB: Using SSE2 crc32 instructions
2026-06-19 19:52:10 0 [Note] InnoDB: Initializing buffer pool, total size = 16M, instances = 1, chunk size = 16M
2026-06-19 19:52:10 0 [Note] InnoDB: Completed initialization of buffer pool
2026-06-19 19:52:10 0 [Note] InnoDB: Starting crash recovery from checkpoint LSN=1838343
2026-06-19 19:52:11 0 [Note] InnoDB: 128 out of 128 rollback segments are active.
2026-06-19 19:52:11 0 [Note] InnoDB: Removed temporary tablespace data file: "ibtmp1"
2026-06-19 19:52:11 0 [Note] InnoDB: Creating shared tablespace for temporary tables
2026-06-19 19:52:11 0 [Note] InnoDB: Setting file 'C:\xampp\mysql\data\ibtmp1' size to 12 MB. Physically writing the file full; Please wait ...
2026-06-19 19:52:11 0 [Note] InnoDB: File 'C:\xampp\mysql\data\ibtmp1' size is now 12 MB.
2026-06-19 19:52:11 0 [Note] InnoDB: Waiting for purge to start
2026-06-19 19:52:11 0 [Note] InnoDB: 10.4.32 started; log sequence number 1838352; transaction id 3076
2026-06-19 19:52:11 0 [Note] InnoDB: Loading buffer pool(s) from C:\xampp\mysql\data\ib_buffer_pool
2026-06-19 19:52:11 0 [Note] Plugin 'FEEDBACK' is disabled.
2026-06-19 19:52:11 0 [Note] InnoDB: Buffer pool(s) load completed at 260619 19:52:11
2026-06-19 19:52:11 0 [Note] Server socket created on IP: '::'.
2026-06-19 19:54:36 0 [Note] Starting MariaDB 10.4.32-MariaDB source revision c4143f909528e3fab0677a28631d10389354c491 as process 21276
2026-06-19 19:54:36 0 [Note] InnoDB: Mutexes and rw_locks use Windows interlocked functions
2026-06-19 19:54:36 0 [Note] InnoDB: Uses event mutexes
2026-06-19 19:54:36 0 [Note] InnoDB: Compressed tables use zlib 1.3
2026-06-19 19:54:36 0 [Note] InnoDB: Number of pools: 1
2026-06-19 19:54:36 0 [Note] InnoDB: Using SSE2 crc32 instructions
2026-06-19 19:54:36 0 [Note] InnoDB: Initializing buffer pool, total size = 16M, instances = 1, chunk size = 16M
2026-06-19 19:54:36 0 [Note] InnoDB: Completed initialization of buffer pool
2026-06-19 19:54:36 0 [Note] InnoDB: Starting crash recovery from checkpoint LSN=1838361
2026-06-19 19:54:37 0 [Note] InnoDB: 128 out of 128 rollback segments are active.
2026-06-19 19:54:37 0 [Note] InnoDB: Removed temporary tablespace data file: "ibtmp1"
2026-06-19 19:54:37 0 [Note] InnoDB: Creating shared tablespace for temporary tables
2026-06-19 19:54:37 0 [Note] InnoDB: Setting file 'C:\xampp\mysql\data\ibtmp1' size to 12 MB. Physically writing the file full; Please wait ...
2026-06-19 19:54:37 0 [Note] InnoDB: File 'C:\xampp\mysql\data\ibtmp1' size is now 12 MB.
2026-06-19 19:54:37 0 [Note] InnoDB: Waiting for purge to start
2026-06-19 19:54:37 0 [Note] InnoDB: 10.4.32 started; log sequence number 1838370; transaction id 3076
2026-06-19 19:54:37 0 [Note] InnoDB: Loading buffer pool(s) from C:\xampp\mysql\data\ib_buffer_pool
2026-06-19 19:54:37 0 [Note] Plugin 'FEEDBACK' is disabled.
2026-06-19 19:54:37 0 [Note] InnoDB: Buffer pool(s) load completed at 260619 19:54:37
2026-06-19 19:54:37 0 [Note] Server socket created on IP: '::'.
2026-06-19 19:55:47 0 [Note] Starting MariaDB 10.4.32-MariaDB source revision c4143f909528e3fab0677a28631d10389354c491 as process 23176
2026-06-19 19:55:47 0 [Note] InnoDB: Mutexes and rw_locks use Windows interlocked functions
2026-06-19 19:55:47 0 [Note] InnoDB: Uses event mutexes
2026-06-19 19:55:47 0 [Note] InnoDB: Compressed tables use zlib 1.3
2026-06-19 19:55:47 0 [Note] InnoDB: Number of pools: 1
2026-06-19 19:55:47 0 [Note] InnoDB: Using SSE2 crc32 instructions
2026-06-19 19:55:47 0 [Note] InnoDB: Initializing buffer pool, total size = 16M, instances = 1, chunk size = 16M
2026-06-19 19:55:47 0 [Note] InnoDB: Completed initialization of buffer pool
2026-06-19 19:55:47 0 [Note] InnoDB: Starting crash recovery from checkpoint LSN=1838361
2026-06-19 19:55:47 0 [Note] InnoDB: 128 out of 128 rollback segments are active.
2026-06-19 19:55:47 0 [Note] InnoDB: Removed temporary tablespace data file: "ibtmp1"
2026-06-19 19:55:47 0 [Note] InnoDB: Creating shared tablespace for temporary tables
2026-06-19 19:55:47 0 [Note] InnoDB: Setting file 'C:\xampp\mysql\data\ibtmp1' size to 12 MB. Physically writing the file full; Please wait ...
2026-06-19 19:55:47 0 [Note] InnoDB: File 'C:\xampp\mysql\data\ibtmp1' size is now 12 MB.
2026-06-19 19:55:47 0 [Note] InnoDB: Waiting for purge to start
2026-06-19 19:55:47 0 [Note] InnoDB: 10.4.32 started; log sequence number 1838370; transaction id 3076
2026-06-19 19:55:47 0 [Note] InnoDB: Loading buffer pool(s) from C:\xampp\mysql\data\ib_buffer_pool
2026-06-19 19:55:47 0 [Note] Plugin 'FEEDBACK' is disabled.
2026-06-19 19:55:47 0 [Note] InnoDB: Buffer pool(s) load completed at 260619 19:55:47
2026-06-19 19:55:47 0 [Note] Server socket created on IP: '::'.
